
*test*message*nexttick_throw.js:*
        undefined_reference_error_maker;
        ^
ReferenceError: undefined_reference_error_maker is not defined
    at *test*message*nexttick_throw.js:*:*
    at processTicksAndRejections (internal/process/task_queues.js:*:*)
    at process.runNextTicks [as _tickCallback] (internal/process/task_queues.js:*:*)
    at Function.Module.runMain (internal/modules/cjs/loader.js:*:*)
    at internal/main/run_main_module.js:*:*
